~/CMSSW_7_5_3/src/AnalysisCMS/rootfiles/WZ ~/CMSSW_7_5_3/src/AnalysisCMS/test
hadd Target file: 03_ZZ.root
hadd Source file 1: ZZTo4L.root
hadd Source file 2: ZZTo2L2Q_0000__part0.root
hadd Source file 3: ZZTo2L2Q_0000__part1.root
hadd Source file 4: ZZTo2L2Q_0000__part2.root
hadd Source file 5: ZZTo2L2Q_0000__part3.root
hadd Source file 6: ZZTo2L2Q_0000__part4.root
hadd Source file 7: ZZTo2L2Q_0001__part0.root
hadd Source file 8: ZZTo2L2Q_0001__part1.root
hadd Source file 9: ZZTo2L2Q_0001__part2.root
hadd Target path: 03_ZZ.root:/
hadd Target path: 03_ZZ.root:/WZ
hadd Target path: 03_ZZ.root:/WZ/00_Exactly3Leptons
hadd Target path: 03_ZZ.root:/WZ/00_Exactly3Leptons/0jet
hadd Target path: 03_ZZ.root:/WZ/00_Exactly3Leptons/1jet
hadd Target path: 03_ZZ.root:/WZ/00_Exactly3Leptons/2jet
hadd Target path: 03_ZZ.root:/WZ/01_HasZ
hadd Target path: 03_ZZ.root:/WZ/01_HasZ/0jet
hadd Target path: 03_ZZ.root:/WZ/01_HasZ/1jet
hadd Target path: 03_ZZ.root:/WZ/01_HasZ/2jet
hadd Target path: 03_ZZ.root:/WZ/02_HasW
hadd Target path: 03_ZZ.root:/WZ/02_HasW/0jet
hadd Target path: 03_ZZ.root:/WZ/02_HasW/1jet
hadd Target path: 03_ZZ.root:/WZ/02_HasW/2jet
hadd Target path: 03_ZZ.root:/WZ/03_BVeto
hadd Target path: 03_ZZ.root:/WZ/03_BVeto/0jet
hadd Target path: 03_ZZ.root:/WZ/03_BVeto/1jet
hadd Target path: 03_ZZ.root:/WZ/03_BVeto/2jet
hadd Target path: 03_ZZ.root:/WZ/04_ZRegion
hadd Target path: 03_ZZ.root:/WZ/04_ZRegion/0jet
hadd Target path: 03_ZZ.root:/WZ/04_ZRegion/1jet
hadd Target path: 03_ZZ.root:/WZ/04_ZRegion/2jet
hadd Target path: 03_ZZ.root:/WZ/05_TopRegion
hadd Target path: 03_ZZ.root:/WZ/05_TopRegion/0jet
hadd Target path: 03_ZZ.root:/WZ/05_TopRegion/1jet
hadd Target path: 03_ZZ.root:/WZ/05_TopRegion/2jet
~/CMSSW_7_5_3/src/AnalysisCMS/test
