~/CMSSW_7_5_3/src/AnalysisCMS/rootfiles/WZ ~/CMSSW_7_5_3/src/AnalysisCMS/test
hadd Target file: 08_TTV.root
hadd Source file 1: TTWJetsToLNu.root
hadd Target path: 08_TTV.root:/
hadd Target path: 08_TTV.root:/WZ
hadd Target path: 08_TTV.root:/WZ/00_Exactly3Leptons
hadd Target path: 08_TTV.root:/WZ/00_Exactly3Leptons/0jet
hadd Target path: 08_TTV.root:/WZ/00_Exactly3Leptons/1jet
hadd Target path: 08_TTV.root:/WZ/00_Exactly3Leptons/2jet
hadd Target path: 08_TTV.root:/WZ/01_HasZ
hadd Target path: 08_TTV.root:/WZ/01_HasZ/0jet
hadd Target path: 08_TTV.root:/WZ/01_HasZ/1jet
hadd Target path: 08_TTV.root:/WZ/01_HasZ/2jet
hadd Target path: 08_TTV.root:/WZ/02_HasW
hadd Target path: 08_TTV.root:/WZ/02_HasW/0jet
hadd Target path: 08_TTV.root:/WZ/02_HasW/1jet
hadd Target path: 08_TTV.root:/WZ/02_HasW/2jet
hadd Target path: 08_TTV.root:/WZ/03_BVeto
hadd Target path: 08_TTV.root:/WZ/03_BVeto/0jet
hadd Target path: 08_TTV.root:/WZ/03_BVeto/1jet
hadd Target path: 08_TTV.root:/WZ/03_BVeto/2jet
hadd Target path: 08_TTV.root:/WZ/04_ZRegion
hadd Target path: 08_TTV.root:/WZ/04_ZRegion/0jet
hadd Target path: 08_TTV.root:/WZ/04_ZRegion/1jet
hadd Target path: 08_TTV.root:/WZ/04_ZRegion/2jet
hadd Target path: 08_TTV.root:/WZ/05_TopRegion
hadd Target path: 08_TTV.root:/WZ/05_TopRegion/0jet
hadd Target path: 08_TTV.root:/WZ/05_TopRegion/1jet
hadd Target path: 08_TTV.root:/WZ/05_TopRegion/2jet
~/CMSSW_7_5_3/src/AnalysisCMS/test
