~/CMSSW_7_5_3/src/AnalysisCMS/rootfiles/WZ ~/CMSSW_7_5_3/src/AnalysisCMS/test
hadd Target file: 06_ZJets.root
hadd Source file 1: DYJetsToLL_M-10to50.root
hadd Source file 2: DYJetsToLL_M-50_0000__part0.root
hadd Source file 3: DYJetsToLL_M-50_0000__part1.root
hadd Source file 4: DYJetsToLL_M-50_0000__part2.root
hadd Source file 5: DYJetsToLL_M-50_0000__part3.root
hadd Source file 6: DYJetsToLL_M-50_0000__part4.root
hadd Source file 7: DYJetsToLL_M-50_0001__part0.root
hadd Source file 8: DYJetsToLL_M-50_0001__part1.root
hadd Source file 9: DYJetsToLL_M-50_0001__part2.root
hadd Source file 10: DYJetsToLL_M-50_0001__part3.root
hadd Source file 11: DYJetsToLL_M-50_0001__part4.root
hadd Source file 12: DYJetsToLL_M-50_0002__part0.root
hadd Target path: 06_ZJets.root:/
hadd Target path: 06_ZJets.root:/WZ
hadd Target path: 06_ZJets.root:/WZ/00_Exactly3Leptons
hadd Target path: 06_ZJets.root:/WZ/00_Exactly3Leptons/0jet
hadd Target path: 06_ZJets.root:/WZ/00_Exactly3Leptons/1jet
hadd Target path: 06_ZJets.root:/WZ/00_Exactly3Leptons/2jet
hadd Target path: 06_ZJets.root:/WZ/01_HasZ
hadd Target path: 06_ZJets.root:/WZ/01_HasZ/0jet
hadd Target path: 06_ZJets.root:/WZ/01_HasZ/1jet
hadd Target path: 06_ZJets.root:/WZ/01_HasZ/2jet
hadd Target path: 06_ZJets.root:/WZ/02_HasW
hadd Target path: 06_ZJets.root:/WZ/02_HasW/0jet
hadd Target path: 06_ZJets.root:/WZ/02_HasW/1jet
hadd Target path: 06_ZJets.root:/WZ/02_HasW/2jet
hadd Target path: 06_ZJets.root:/WZ/03_BVeto
hadd Target path: 06_ZJets.root:/WZ/03_BVeto/0jet
hadd Target path: 06_ZJets.root:/WZ/03_BVeto/1jet
hadd Target path: 06_ZJets.root:/WZ/03_BVeto/2jet
hadd Target path: 06_ZJets.root:/WZ/04_ZRegion
hadd Target path: 06_ZJets.root:/WZ/04_ZRegion/0jet
hadd Target path: 06_ZJets.root:/WZ/04_ZRegion/1jet
hadd Target path: 06_ZJets.root:/WZ/04_ZRegion/2jet
hadd Target path: 06_ZJets.root:/WZ/05_TopRegion
hadd Target path: 06_ZJets.root:/WZ/05_TopRegion/0jet
hadd Target path: 06_ZJets.root:/WZ/05_TopRegion/1jet
hadd Target path: 06_ZJets.root:/WZ/05_TopRegion/2jet
~/CMSSW_7_5_3/src/AnalysisCMS/test
